// Jest Snapshot v1, https://goo.gl/fbAQLP

exports[`<Main/> Render the Head 1`] = `
<header>
  <h1>
    Matheus
  </h1>
</header>
`;
